// Jest Snapshot v1, https://goo.gl/fbAQLP

exports[`<App /> matches snapshot 1`] = `
<div>
  <div
    class="sc-crrszt fRjkOT"
  >
    <nav
      class="sc-kEjbQP kzyaRm"
    >
      <h1>
        <a
          href="/"
        >
          Seed
        </a>
      </h1>
      <nav>
        <ul>
          <li>
            <a
              class="link"
              href="/"
            >
              Home
            </a>
          </li>
          <li>
            <a
              class="link"
              href="/upload"
            >
              Upload
            </a>
          </li>
          <li>
            <a
              class="link"
              href="/mypage"
            >
              My list
            </a>
          </li>
        </ul>
      </nav>
    </nav>
    <section
      class="sc-iqHYmW iNMKRi"
    >
      <header
        class="sc-fubCzh heZVao"
      >
        <div
          class="sc-jrAFXE flZrjl"
        >
          <form
            class="sc-gsTEea dHwVSw"
          >
            <input
              autocomplete="off"
              class="sc-bdfBQB sc-dlfnuX gpSnii kJTEFr"
              name="search"
              placeholder="Search..."
              type="text"
              value=""
            />
            <button
              aria-label="search"
              class="MuiButtonBase-root MuiIconButton-root search-icon"
              tabindex="0"
              type="submit"
            >
              <span
                class="MuiIconButton-label"
              >
                <svg
                  aria-hidden="true"
                  class="MuiSvgIcon-root"
                  focusable="false"
                  viewBox="0 0 24 24"
                >
                  <path
                    d="M15.5 14h-.79l-.28-.27C15.41 12.59 16 11.11 16 9.5 16 5.91 13.09 3 9.5 3S3 5.91 3 9.5 5.91 16 9.5 16c1.61 0 3.09-.59 4.23-1.57l.27.28v.79l5 4.99L20.49 19l-4.99-5zm-6 0C7.01 14 5 11.99 5 9.5S7.01 5 9.5 5 14 7.01 14 9.5 11.99 14 9.5 14z"
                  />
                </svg>
              </span>
              <span
                class="MuiTouchRipple-root"
              />
            </button>
          </form>
          
        </div>
        <div
          class="sc-pGacB blvLIr"
        >
          <a
            class="link"
            href="/login"
          >
            Login
          </a>
          <a
            class="link"
            href="/signup"
          >
            Signup
          </a>
        </div>
      </header>
      <div />
    </section>
  </div>
</div>
`;
