// Jest Snapshot v1, https://goo.gl/fbAQLP

exports[`Search Result page matches snapshot 1`] = `
<div>
  <div
    class="sc-jrAFXE jynXyz"
  >
    <nav
      class="sc-kEjbQP eVNQAr"
    >
      <ul>
        <button
          class="sc-iqHYmW gwycnj"
        >
          Title
        </button>
        <button
          class="sc-iqHYmW fGfoqI"
        >
          Artist
        </button>
      </ul>
    </nav>
  </div>
</div>
`;
